../Src/main.c:166:6:HAL_GPIO_EXTI_Callback	16	static,ignoring_inline_asm
../Src/main.c:201:5:main	104	static
../Src/main.c:486:6:SystemClock_Config	96	static
../Src/main.c:537:13:MX_DAC1_Init	48	static
../Src/main.c:580:13:MX_I2C2_Init	8	static
../Src/main.c:628:13:MX_QUADSPI_Init	8	static
../Src/main.c:661:13:MX_TIM2_Init	40	static
../Src/main.c:706:13:MX_USART1_UART_Init	8	static
../Src/main.c:739:13:MX_DMA_Init	16	static
../Src/main.c:757:13:MX_GPIO_Init	48	static
../Src/main.c:797:6:Error_Handler	4	static,ignoring_inline_asm
